// Jest Snapshot v1, https://goo.gl/fbAQLP

exports[`getBoundarySchemaFromAST, integration test 1`] = `
Object {
  "source": "test.js",
  "typegenSchema": Object {
    "Spec": Object {
      "typeAnnotation": Object {
        "extends": Array [
          Object {
            "loc": Object {
              "end": Object {
                "column": 45,
                "line": 2,
              },
              "start": Object {
                "column": 34,
                "line": 2,
              },
            },
            "name": "TurboModule",
            "typeParameters": Array [],
          },
        ],
        "innerType": Object {
          "loc": Object {
            "end": Object {
              "column": 5,
              "line": 15,
            },
            "start": Object {
              "column": 46,
              "line": 2,
            },
          },
          "properties": Array [
            Object {
              "loc": Object {
                "end": Object {
                  "column": 8,
                  "line": 13,
                },
                "start": Object {
                  "column": 6,
                  "line": 3,
                },
              },
              "name": "getConstants",
              "optional": false,
              "typeAnnotation": Object {
                "loc": Object {
                  "end": Object {
                    "column": 8,
                    "line": 13,
                  },
                  "start": Object {
                    "column": 21,
                    "line": 3,
                  },
                },
                "params": Array [],
                "returnTypeAnnotation": Object {
                  "loc": Object {
                    "end": Object {
                      "column": 8,
                      "line": 13,
                    },
                    "start": Object {
                      "column": 27,
                      "line": 3,
                    },
                  },
                  "properties": Array [
                    Object {
                      "loc": Object {
                        "end": Object {
                          "column": 29,
                          "line": 4,
                        },
                        "start": Object {
                          "column": 8,
                          "line": 4,
                        },
                      },
                      "name": "testGeneric0",
                      "optional": false,
                      "typeAnnotation": Object {
                        "loc": Object {
                          "end": Object {
                            "column": 29,
                            "line": 4,
                          },
                          "start": Object {
                            "column": 23,
                            "line": 4,
                          },
                        },
                        "name": "Object",
                        "type": "GenericTypeAnnotation",
                        "typeParameters": Array [],
                      },
                    },
                    Object {
                      "loc": Object {
                        "end": Object {
                          "column": 37,
                          "line": 5,
                        },
                        "start": Object {
                          "column": 8,
                          "line": 5,
                        },
                      },
                      "name": "testUnion0",
                      "optional": true,
                      "typeAnnotation": Object {
                        "loc": Object {
                          "end": Object {
                            "column": 37,
                            "line": 5,
                          },
                          "start": Object {
                            "column": 22,
                            "line": 5,
                          },
                        },
                        "type": "UnionTypeAnnotation",
                        "types": Array [
                          Object {
                            "loc": Object {
                              "end": Object {
                                "column": 28,
                                "line": 5,
                              },
                              "start": Object {
                                "column": 22,
                                "line": 5,
                              },
                            },
                            "type": "StringTypeAnnotation",
                          },
                          Object {
                            "loc": Object {
                              "end": Object {
                                "column": 37,
                                "line": 5,
                              },
                              "start": Object {
                                "column": 31,
                                "line": 5,
                              },
                            },
                            "type": "StringTypeAnnotation",
                          },
                        ],
                      },
                    },
                    Object {
                      "loc": Object {
                        "end": Object {
                          "column": 44,
                          "line": 6,
                        },
                        "start": Object {
                          "column": 8,
                          "line": 6,
                        },
                      },
                      "name": "testIntersection0",
                      "optional": true,
                      "typeAnnotation": Object {
                        "loc": Object {
                          "end": Object {
                            "column": 44,
                            "line": 6,
                          },
                          "start": Object {
                            "column": 29,
                            "line": 6,
                          },
                        },
                        "type": "IntersectionTypeAnnotation",
                        "types": Array [
                          Object {
                            "loc": Object {
                              "end": Object {
                                "column": 35,
                                "line": 6,
                              },
                              "start": Object {
                                "column": 29,
                                "line": 6,
                              },
                            },
                            "type": "StringTypeAnnotation",
                          },
                          Object {
                            "loc": Object {
                              "end": Object {
                                "column": 44,
                                "line": 6,
                              },
                              "start": Object {
                                "column": 38,
                                "line": 6,
                              },
                            },
                            "type": "StringTypeAnnotation",
                          },
                        ],
                      },
                    },
                    Object {
                      "loc": Object {
                        "end": Object {
                          "column": 38,
                          "line": 7,
                        },
                        "start": Object {
                          "column": 8,
                          "line": 7,
                        },
                      },
                      "name": "testTuple0",
                      "optional": true,
                      "typeAnnotation": Object {
                        "loc": Object {
                          "end": Object {
                            "column": 38,
                            "line": 7,
                          },
                          "start": Object {
                            "column": 22,
                            "line": 7,
                          },
                        },
                        "type": "TupleTypeAnnotation",
                        "types": Array [
                          Object {
                            "loc": Object {
                              "end": Object {
                                "column": 29,
                                "line": 7,
                              },
                              "start": Object {
                                "column": 23,
                                "line": 7,
                              },
                            },
                            "type": "StringTypeAnnotation",
                          },
                          Object {
                            "loc": Object {
                              "end": Object {
                                "column": 37,
                                "line": 7,
                              },
                              "start": Object {
                                "column": 31,
                                "line": 7,
                              },
                            },
                            "type": "NumberTypeAnnotation",
                          },
                        ],
                      },
                    },
                    Object {
                      "loc": Object {
                        "end": Object {
                          "column": 23,
                          "line": 8,
                        },
                        "start": Object {
                          "column": 8,
                          "line": 8,
                        },
                      },
                      "name": "scale",
                      "optional": true,
                      "typeAnnotation": Object {
                        "loc": Object {
                          "end": Object {
                            "column": 23,
                            "line": 8,
                          },
                          "start": Object {
                            "column": 17,
                            "line": 8,
                          },
                        },
                        "type": "NumberTypeAnnotation",
                      },
                    },
                    Object {
                      "loc": Object {
                        "end": Object {
                          "column": 30,
                          "line": 9,
                        },
                        "start": Object {
                          "column": 8,
                          "line": 9,
                        },
                      },
                      "name": "isSimulator",
                      "optional": true,
                      "typeAnnotation": Object {
                        "loc": Object {
                          "end": Object {
                            "column": 30,
                            "line": 9,
                          },
                          "start": Object {
                            "column": 23,
                            "line": 9,
                          },
                        },
                        "type": "BooleanTypeAnnotation",
                      },
                    },
                    Object {
                      "loc": Object {
                        "end": Object {
                          "column": 32,
                          "line": 10,
                        },
                        "start": Object {
                          "column": 8,
                          "line": 10,
                        },
                      },
                      "name": "majorOsVersion",
                      "optional": true,
                      "typeAnnotation": Object {
                        "loc": Object {
                          "end": Object {
                            "column": 32,
                            "line": 10,
                          },
                          "start": Object {
                            "column": 26,
                            "line": 10,
                          },
                        },
                        "type": "NumberTypeAnnotation",
                      },
                    },
                    Object {
                      "loc": Object {
                        "end": Object {
                          "column": 27,
                          "line": 11,
                        },
                        "start": Object {
                          "column": 8,
                          "line": 11,
                        },
                      },
                      "name": "isTablet",
                      "optional": true,
                      "typeAnnotation": Object {
                        "loc": Object {
                          "end": Object {
                            "column": 27,
                            "line": 11,
                          },
                          "start": Object {
                            "column": 20,
                            "line": 11,
                          },
                        },
                        "type": "BooleanTypeAnnotation",
                      },
                    },
                    Object {
                      "loc": Object {
                        "end": Object {
                          "column": 25,
                          "line": 12,
                        },
                        "start": Object {
                          "column": 8,
                          "line": 12,
                        },
                      },
                      "name": "deviceID",
                      "optional": false,
                      "typeAnnotation": Object {
                        "loc": Object {
                          "end": Object {
                            "column": 25,
                            "line": 12,
                          },
                          "start": Object {
                            "column": 19,
                            "line": 12,
                          },
                        },
                        "type": "StringTypeAnnotation",
                      },
                    },
                  ],
                  "type": "ObjectTypeAnnotation",
                },
                "type": "FunctionTypeAnnotation",
              },
            },
            Object {
              "loc": Object {
                "end": Object {
                  "column": 63,
                  "line": 14,
                },
                "start": Object {
                  "column": 6,
                  "line": 14,
                },
              },
              "name": "setKeepScreenOn",
              "optional": false,
              "typeAnnotation": Object {
                "loc": Object {
                  "end": Object {
                    "column": 63,
                    "line": 14,
                  },
                  "start": Object {
                    "column": 24,
                    "line": 14,
                  },
                },
                "params": Array [
                  Object {
                    "loc": Object {
                      "end": Object {
                        "column": 54,
                        "line": 14,
                      },
                      "start": Object {
                        "column": 25,
                        "line": 14,
                      },
                    },
                    "name": "screenShouldBeKeptOn",
                    "optional": false,
                    "typeAnnotation": Object {
                      "loc": Object {
                        "end": Object {
                          "column": 54,
                          "line": 14,
                        },
                        "start": Object {
                          "column": 47,
                          "line": 14,
                        },
                      },
                      "type": "BooleanTypeAnnotation",
                    },
                  },
                ],
                "returnTypeAnnotation": Object {
                  "loc": Object {
                    "end": Object {
                      "column": 63,
                      "line": 14,
                    },
                    "start": Object {
                      "column": 59,
                      "line": 14,
                    },
                  },
                  "type": "VoidTypeAnnotation",
                },
                "type": "FunctionTypeAnnotation",
              },
            },
          ],
          "type": "ObjectTypeAnnotation",
        },
        "type": "InterfaceDeclarationTypeAnnotation",
      },
    },
  },
}
`;
