// Jest Snapshot v1, https://goo.gl/fbAQLP

exports[`throws on invalid node package 1`] = `
"The package \`/root/node_modules/invalid/package.json\` is invalid because it specifies a \`main\` module field that could not be resolved (\`/root/node_modules/invalid/main\`. Indeed, none of these files exist:

  * \`/root/node_modules/invalid/main(|.js)\`
  * \`/root/node_modules/invalid/main/index(|.js)\`"
`;
