// Jest Snapshot v1, https://goo.gl/fbAQLP

exports[`basic_bundle bundles package with polyfills 1`] = `
"var __DEV__=false,__BUNDLE_START_TIME__=this.nativePerformanceNow?nativePerformanceNow():Date.now(),process=this.process||{};process.env=process.env||{};process.env.NODE_ENV=\\"production\\";
(function (global) {
  'use strict';

  global.require = metroRequire;
  global.__d = define;
  var modules = typeof __NUM_MODULES__ === 'number' ? Array(__NUM_MODULES__ | 0) : Object.create(null);

  function define(factory, moduleId, dependencyMap) {
    if (modules[moduleId] != null) {
      return;
    }

    modules[moduleId] = {
      dependencyMap: dependencyMap,
      publicModule: {
        exports: undefined
      },
      factory: factory,
      hasError: false,
      isInitialized: false
    };
  }

  function metroRequire(moduleId) {
    var moduleIdReallyIsNumber = moduleId;
    var module = modules[moduleIdReallyIsNumber];
    return module && module.isInitialized ? module.publicModule.exports : guardedLoadModule(moduleIdReallyIsNumber, module);
  }

  var inGuard = false;

  function guardedLoadModule(moduleId, module) {
    if (!inGuard && global.ErrorUtils) {
      inGuard = true;
      var returnValue;

      try {
        returnValue = loadModuleImplementation(moduleId, module);
      } catch (e) {
        global.ErrorUtils.reportFatalError(e);
      }

      inGuard = false;
      return returnValue;
    } else {
      return loadModuleImplementation(moduleId, module);
    }
  }

  var ID_MASK_SHIFT = 16;
  var LOCAL_ID_MASK = 65535;

  function unpackModuleId(moduleId) {
    var segmentId = moduleId >>> ID_MASK_SHIFT;
    var localId = moduleId & LOCAL_ID_MASK;
    return {
      segmentId: segmentId,
      localId: localId
    };
  }

  metroRequire.unpackModuleId = unpackModuleId;

  function packModuleId(value) {
    return value.segmentId << ID_MASK_SHIFT + value.localId;
  }

  metroRequire.packModuleId = packModuleId;

  function loadModuleImplementation(moduleId, module) {
    if (!module && global.__defineModule) {
      global.__defineModule(moduleId);

      module = modules[moduleId];
    }

    var nativeRequire = global.nativeRequire;

    if (!module && nativeRequire) {
      var _unpackModuleId = unpackModuleId(moduleId),
          segmentId = _unpackModuleId.segmentId,
          localId = _unpackModuleId.localId;

      nativeRequire(localId, segmentId);
      module = modules[moduleId];
    }

    if (!module) {
      throw unknownModuleError(moduleId);
    }

    if (module.hasError) {
      throw moduleThrewError(moduleId, module.error);
    }

    module.isInitialized = true;
    var exports = {};
    var _module = module,
        factory = _module.factory,
        dependencyMap = _module.dependencyMap;

    try {
      var _moduleObject = module.publicModule = {
        exports: exports
      };

      factory(global, metroRequire, _moduleObject, exports, dependencyMap);
      {
        module.factory = undefined;
        module.dependencyMap = undefined;
      }
      return _moduleObject.exports;
    } catch (e) {
      module.hasError = true;
      module.error = e;
      module.isInitialized = false;
      module.publicModule.exports = undefined;
      throw e;
    } finally {}
  }

  function unknownModuleError(id) {
    var message = 'Requiring unknown module \\"' + id + '\\".';
    return Error(message);
  }

  function moduleThrewError(id, error) {
    var displayName = id;
    return Error('Requiring module \\"' + displayName + '\\", which threw an exception: ' + error);
  }
})(this);
(function (global) {
  'use strict';

  if (!Object.keys) {
    Object.keys = function () {};
  }
})(this);
(function (global) {
  'use strict';

  if (!String.prototype.repeat) {
    String.prototype.repeat = function () {};
  }
})(this);
__d(function (global, _$$_REQUIRE, module, exports, _dependencyMap) {
  'use strict';

  var Bar = _$$_REQUIRE(_dependencyMap[0]);

  var Foo = _$$_REQUIRE(_dependencyMap[1]);

  var TypeScript = _$$_REQUIRE(_dependencyMap[2]);

  module.exports = {
    Foo: Foo,
    Bar: Bar,
    TypeScript: TypeScript
  };
},0,[1,2,5]);
__d(function (global, _$$_REQUIRE, module, exports, _dependencyMap) {
  'use strict';

  var Foo = _$$_REQUIRE(_dependencyMap[0]);

  module.exports = {
    type: 'bar',
    foo: Foo.type
  };
},1,[2]);
__d(function (global, _$$_REQUIRE, module, exports, _dependencyMap) {
  'use strict';

  var asset = _$$_REQUIRE(_dependencyMap[0]);

  module.exports = {
    type: 'foo',
    asset: asset
  };
},2,[3]);
__d(function (global, _$$_REQUIRE, module, exports, _dependencyMap) {
  module.exports = _$$_REQUIRE(_dependencyMap[0]).registerAsset({
    \\"__packager_asset\\": true,
    \\"httpServerLocation\\": \\"/assets\\",
    \\"width\\": 8,
    \\"height\\": 8,
    \\"scales\\": [1],
    \\"hash\\": \\"77d45c1f7fa73c0f6c444a830dc42f67\\",
    \\"name\\": \\"test\\",
    \\"type\\": \\"png\\"
  });
},3,[4]);
__d(function (global, _$$_REQUIRE, module, exports, _dependencyMap) {
  'use strict';
},4,[]);
__d(function (global, _$$_REQUIRE, module, exports, _dependencyMap) {
  Object.defineProperty(exports, \\"__esModule\\", {
    value: true
  });
  exports.test = exports.type = undefined;
  var type = 'TypeScript';
  exports.type = type;
  var test = true;
  exports.test = test;
},5,[]);
require(0);"
`;

exports[`basic_bundle bundles package without polyfills 1`] = `
"var __DEV__=false,__BUNDLE_START_TIME__=this.nativePerformanceNow?nativePerformanceNow():Date.now(),process=this.process||{};process.env=process.env||{};process.env.NODE_ENV=\\"production\\";
(function (global) {
  'use strict';

  global.require = metroRequire;
  global.__d = define;
  var modules = typeof __NUM_MODULES__ === 'number' ? Array(__NUM_MODULES__ | 0) : Object.create(null);

  function define(factory, moduleId, dependencyMap) {
    if (modules[moduleId] != null) {
      return;
    }

    modules[moduleId] = {
      dependencyMap: dependencyMap,
      publicModule: {
        exports: undefined
      },
      factory: factory,
      hasError: false,
      isInitialized: false
    };
  }

  function metroRequire(moduleId) {
    var moduleIdReallyIsNumber = moduleId;
    var module = modules[moduleIdReallyIsNumber];
    return module && module.isInitialized ? module.publicModule.exports : guardedLoadModule(moduleIdReallyIsNumber, module);
  }

  var inGuard = false;

  function guardedLoadModule(moduleId, module) {
    if (!inGuard && global.ErrorUtils) {
      inGuard = true;
      var returnValue;

      try {
        returnValue = loadModuleImplementation(moduleId, module);
      } catch (e) {
        global.ErrorUtils.reportFatalError(e);
      }

      inGuard = false;
      return returnValue;
    } else {
      return loadModuleImplementation(moduleId, module);
    }
  }

  var ID_MASK_SHIFT = 16;
  var LOCAL_ID_MASK = 65535;

  function unpackModuleId(moduleId) {
    var segmentId = moduleId >>> ID_MASK_SHIFT;
    var localId = moduleId & LOCAL_ID_MASK;
    return {
      segmentId: segmentId,
      localId: localId
    };
  }

  metroRequire.unpackModuleId = unpackModuleId;

  function packModuleId(value) {
    return value.segmentId << ID_MASK_SHIFT + value.localId;
  }

  metroRequire.packModuleId = packModuleId;

  function loadModuleImplementation(moduleId, module) {
    if (!module && global.__defineModule) {
      global.__defineModule(moduleId);

      module = modules[moduleId];
    }

    var nativeRequire = global.nativeRequire;

    if (!module && nativeRequire) {
      var _unpackModuleId = unpackModuleId(moduleId),
          segmentId = _unpackModuleId.segmentId,
          localId = _unpackModuleId.localId;

      nativeRequire(localId, segmentId);
      module = modules[moduleId];
    }

    if (!module) {
      throw unknownModuleError(moduleId);
    }

    if (module.hasError) {
      throw moduleThrewError(moduleId, module.error);
    }

    module.isInitialized = true;
    var exports = {};
    var _module = module,
        factory = _module.factory,
        dependencyMap = _module.dependencyMap;

    try {
      var _moduleObject = module.publicModule = {
        exports: exports
      };

      factory(global, metroRequire, _moduleObject, exports, dependencyMap);
      {
        module.factory = undefined;
        module.dependencyMap = undefined;
      }
      return _moduleObject.exports;
    } catch (e) {
      module.hasError = true;
      module.error = e;
      module.isInitialized = false;
      module.publicModule.exports = undefined;
      throw e;
    } finally {}
  }

  function unknownModuleError(id) {
    var message = 'Requiring unknown module \\"' + id + '\\".';
    return Error(message);
  }

  function moduleThrewError(id, error) {
    var displayName = id;
    return Error('Requiring module \\"' + displayName + '\\", which threw an exception: ' + error);
  }
})(this);
__d(function (global, _$$_REQUIRE, module, exports, _dependencyMap) {
  'use strict';

  var Bar = _$$_REQUIRE(_dependencyMap[0]);

  var Foo = _$$_REQUIRE(_dependencyMap[1]);

  var TypeScript = _$$_REQUIRE(_dependencyMap[2]);

  module.exports = {
    Foo: Foo,
    Bar: Bar,
    TypeScript: TypeScript
  };
},0,[1,2,5]);
__d(function (global, _$$_REQUIRE, module, exports, _dependencyMap) {
  'use strict';

  var Foo = _$$_REQUIRE(_dependencyMap[0]);

  module.exports = {
    type: 'bar',
    foo: Foo.type
  };
},1,[2]);
__d(function (global, _$$_REQUIRE, module, exports, _dependencyMap) {
  'use strict';

  var asset = _$$_REQUIRE(_dependencyMap[0]);

  module.exports = {
    type: 'foo',
    asset: asset
  };
},2,[3]);
__d(function (global, _$$_REQUIRE, module, exports, _dependencyMap) {
  module.exports = _$$_REQUIRE(_dependencyMap[0]).registerAsset({
    \\"__packager_asset\\": true,
    \\"httpServerLocation\\": \\"/assets\\",
    \\"width\\": 8,
    \\"height\\": 8,
    \\"scales\\": [1],
    \\"hash\\": \\"77d45c1f7fa73c0f6c444a830dc42f67\\",
    \\"name\\": \\"test\\",
    \\"type\\": \\"png\\"
  });
},3,[4]);
__d(function (global, _$$_REQUIRE, module, exports, _dependencyMap) {
  'use strict';
},4,[]);
__d(function (global, _$$_REQUIRE, module, exports, _dependencyMap) {
  Object.defineProperty(exports, \\"__esModule\\", {
    value: true
  });
  exports.test = exports.type = undefined;
  var type = 'TypeScript';
  exports.type = type;
  var test = true;
  exports.test = test;
},5,[]);
require(0);"
`;
