// Jest Snapshot v1, https://goo.gl/fbAQLP

exports[`convertConfig can convert a default configuration 1`] = `
Object {
  "extraOptions": Object {
    "enhanceMiddleware": [Function],
    "getUseGlobalHotkey": [Function],
    "port": 8080,
    "processModuleFilter": [Function],
    "transformVariants": [Function],
  },
  "serverOptions": Object {
    "assetExts": Array [
      "bmp",
      "gif",
      "jpg",
      "jpeg",
      "png",
      "psd",
      "svg",
      "webp",
      "m4v",
      "mov",
      "mp4",
      "mpeg",
      "mpg",
      "webm",
      "aac",
      "aiff",
      "caf",
      "m4a",
      "mp3",
      "wav",
      "html",
      "pdf",
      "otf",
      "ttf",
    ],
    "assetRegistryPath": "missing-asset-registry-path",
    "assetTransforms": false,
    "asyncRequireModulePath": "metro/src/lib/bundle-modules/asyncRequire",
    "blacklistRE": /\\(node_modules\\[\\\\/\\\\\\\\\\]react\\[\\\\/\\\\\\\\\\]dist\\[\\\\/\\\\\\\\\\]\\.\\*\\|website\\\\/node_modules\\\\/\\.\\*\\|heapCapture\\\\/bundle\\\\\\.js\\|\\.\\*\\\\/__tests__\\\\/\\.\\*\\)\\$/,
    "cacheStores": Array [],
    "cacheVersion": "1.0",
    "createModuleIdFactory": [Function],
    "dynamicDepsInPackages": "throwAtRuntime",
    "enableBabelRCLookup": true,
    "extraNodeModules": Object {},
    "getModulesRunBeforeMainModule": [Function],
    "getPolyfills": [Function],
    "getResolverMainFields": [Function],
    "getRunModuleStatement": [Function],
    "getTransformOptions": [Function],
    "hasteImplModulePath": undefined,
    "maxWorkers": 0,
    "minifierPath": "metro-minify-uglify",
    "platforms": Array [
      "ios",
      "android",
      "windows",
      "web",
    ],
    "polyfillModuleNames": Array [],
    "postMinifyProcess": [Function],
    "postProcessBundleSourcemap": [Function],
    "projectRoot": "/",
    "providesModuleNodeModules": Array [
      "react-native",
      "react-native-windows",
    ],
    "reporter": null,
    "resetCache": false,
    "resolveRequest": null,
    "sourceExts": Array [
      "js",
      "json",
      "ts",
      "tsx",
    ],
    "transformModulePath": "metro/src/defaultTransformer",
    "watch": false,
    "watchFolders": Array [],
    "workerPath": null,
  },
}
`;

exports[`convertConfig can convert an empty config 1`] = `
Object {
  "extraOptions": Object {
    "enhanceMiddleware": undefined,
    "getUseGlobalHotkey": [Function],
    "port": undefined,
    "processModuleFilter": undefined,
    "transformVariants": [Function],
  },
  "serverOptions": Object {
    "assetExts": undefined,
    "assetRegistryPath": undefined,
    "assetTransforms": undefined,
    "asyncRequireModulePath": undefined,
    "cacheStores": undefined,
    "cacheVersion": undefined,
    "createModuleIdFactory": undefined,
    "dynamicDepsInPackages": undefined,
    "enableBabelRCLookup": undefined,
    "extraNodeModules": undefined,
    "getModulesRunBeforeMainModule": undefined,
    "getPolyfills": undefined,
    "getResolverMainFields": [Function],
    "getRunModuleStatement": undefined,
    "getTransformOptions": undefined,
    "hasteImplModulePath": undefined,
    "maxWorkers": undefined,
    "minifierPath": undefined,
    "platforms": undefined,
    "polyfillModuleNames": undefined,
    "postMinifyProcess": undefined,
    "postProcessBundleSourcemap": undefined,
    "projectRoot": undefined,
    "providesModuleNodeModules": undefined,
    "reporter": undefined,
    "resetCache": undefined,
    "resolveRequest": undefined,
    "sourceExts": undefined,
    "transformModulePath": undefined,
    "watch": undefined,
    "watchFolders": undefined,
    "workerPath": undefined,
  },
}
`;
