// Jest Snapshot v1, https://goo.gl/fbAQLP

exports[`getTransformCacheKeyFn Should return always the same key for the same params 1`] = `"882d073a7dd4001fa4ee51da67df4c90ecf471a6"`;
