// Jest Snapshot v1, https://goo.gl/fbAQLP

exports[` 1`] = `
Array [
  Object {
    "generated": Object {
      "column": 2,
      "line": 1,
    },
    "name": null,
    "source": null,
  },
  Object {
    "generated": Object {
      "column": 4,
      "line": 3,
    },
    "name": "apples",
    "original": Object {
      "column": 6,
      "line": 5,
    },
    "source": "path1",
  },
  Object {
    "generated": Object {
      "column": 8,
      "line": 7,
    },
    "name": null,
    "original": Object {
      "column": 10,
      "line": 9,
    },
    "source": "path1",
  },
  Object {
    "generated": Object {
      "column": 12,
      "line": 11,
    },
    "name": "pears",
    "original": Object {
      "column": 14,
      "line": 13,
    },
    "source": "path1",
  },
  Object {
    "generated": Object {
      "column": 2,
      "line": 12,
    },
    "name": null,
    "source": null,
  },
  Object {
    "generated": Object {
      "column": 4,
      "line": 14,
    },
    "name": "bananas",
    "original": Object {
      "column": 16,
      "line": 15,
    },
    "source": "path2",
  },
  Object {
    "generated": Object {
      "column": 12,
      "line": 25,
    },
    "name": null,
    "source": null,
  },
  Object {
    "generated": Object {
      "column": 14,
      "line": 27,
    },
    "name": "bananas",
    "original": Object {
      "column": 16,
      "line": 15,
    },
    "source": "path3",
  },
  Object {
    "generated": Object {
      "column": 18,
      "line": 31,
    },
    "name": null,
    "original": Object {
      "column": 110,
      "line": 19,
    },
    "source": "path3",
  },
  Object {
    "generated": Object {
      "column": 112,
      "line": 35,
    },
    "name": "pears",
    "original": Object {
      "column": 114,
      "line": 113,
    },
    "source": "path3",
  },
]
`;
